// Jest Snapshot v1, https://goo.gl/fbAQLP

exports[`renders 1`] = `
<DocumentFragment>
  <div
    class="chakra-container css-0"
    fixed="true"
  >
    <div
      class="chakra-input__group css-4302v8"
    >
      <input
        class="chakra-input css-tsqr3a"
        label="Identity Provider"
        placeholder="Identity Provider"
        type="url"
        value="https://inrupt.net"
      />
      <div
        class="chakra-input__right-addon css-nxc9bd"
      >
        <div
          role="button"
          tabindex="0"
        >
          <button
            class="chakra-button css-pvkd4k"
            type="button"
          >
            LogÂ in
          </button>
        </div>
      </div>
    </div>
  </div>
</DocumentFragment>
`;
